2025-09-04T12:57:47.145Z [INFO] All security headers present - IP: ::1 - URL: /api/notifications/unread-count - User-Agent: unknown
2025-09-04T12:57:51.977Z [INFO] All security headers present - IP: ::1 - URL: /api/notifications/unread-count - User-Agent: unknown
2025-09-04T12:58:15.832Z [INFO] All security headers present - IP: ::1 - URL: /api/notifications/unread-count - User-Agent: unknown
2025-09-04T12:58:45.829Z [INFO] All security headers present - IP: ::1 - URL: /api/notifications/unread-count - User-Agent: unknown
2025-09-04T12:58:51.963Z [INFO] All security headers present - IP: ::1 - URL: /api/notifications/unread-count - User-Agent: unknown
2025-09-04T12:59:40.281Z [INFO] All security headers present - IP: ::1 - URL: /api/notifications/unread-count - User-Agent: unknown
2025-09-04T12:59:42.019Z [INFO] All security headers present - IP: ::1 - URL: /api/plant/search?q=&fields=name - User-Agent: unknown
2025-09-04T12:59:43.122Z [INFO] All security headers present - IP: ::1 - URL: /api/plant/search?q=&fields=name - User-Agent: unknown
2025-09-04T12:59:45.653Z [INFO] All security headers present - IP: ::1 - URL: /api/notifications/unread-count - User-Agent: unknown
2025-09-04T12:59:47.435Z [INFO] All security headers present - IP: ::1 - URL: /api/employee/birthdays?date=2025-09-04 - User-Agent: unknown
2025-09-04T12:59:47.444Z [INFO] All security headers present - IP: ::1 - URL: /api/employee/holidays?date=2025-09-04 - User-Agent: unknown
2025-09-04T12:59:47.565Z [INFO] All security headers present - IP: ::1 - URL: /api/employee/count - User-Agent: unknown
2025-09-04T12:59:47.567Z [INFO] All security headers present - IP: ::1 - URL: /api/plant/count - User-Agent: unknown
2025-09-04T12:59:47.582Z [INFO] All security headers present - IP: ::1 - URL: /api/notice/get-notices - User-Agent: unknown
2025-09-04T12:59:47.588Z [INFO] All security headers present - IP: ::1 - URL: /api/policy/get-policies - User-Agent: unknown
2025-09-04T12:59:47.619Z [INFO] All security headers present - IP: ::1 - URL: /api/leave/employee-on-leave - User-Agent: unknown
2025-09-04T12:59:47.654Z [INFO] All security headers present - IP: ::1 - URL: /api/employee/anniversaries?date=2025-09-04 - User-Agent: unknown
2025-09-04T12:59:47.693Z [INFO] All security headers present - IP: ::1 - URL: /api/asset/count - User-Agent: unknown
2025-09-04T12:59:49.931Z [INFO] All security headers present - IP: ::1 - URL: /api/employee/birthdays?date=2025-09-04 - User-Agent: unknown
2025-09-04T12:59:50.055Z [INFO] All security headers present - IP: ::1 - URL: /api/employee/holidays?date=2025-09-04 - User-Agent: unknown
2025-09-04T12:59:50.088Z [INFO] All security headers present - IP: ::1 - URL: /api/leave/employee-on-leave - User-Agent: unknown
2025-09-04T12:59:50.090Z [INFO] All security headers present - IP: ::1 - URL: /api/task-manager/workspace/list?items=3&sortBy=createdAt&sortValue=-1 - User-Agent: unknown
2025-09-04T12:59:50.099Z [INFO] All security headers present - IP: ::1 - URL: /api/policy/get-policies - User-Agent: unknown
2025-09-04T12:59:50.100Z [INFO] All security headers present - IP: ::1 - URL: /api/notice/get-notices - User-Agent: unknown
2025-09-04T12:59:50.103Z [INFO] All security headers present - IP: ::1 - URL: /api/notifications/unread-count - User-Agent: unknown
2025-09-04T12:59:50.169Z [INFO] All security headers present - IP: ::1 - URL: /api/employee/anniversaries?date=2025-09-04 - User-Agent: unknown
2025-09-04T12:59:50.204Z [INFO] All security headers present - IP: ::1 - URL: /api/plant/count - User-Agent: unknown
2025-09-04T12:59:50.213Z [INFO] All security headers present - IP: ::1 - URL: /api/employee/count - User-Agent: unknown
2025-09-04T12:59:50.214Z [INFO] All security headers present - IP: ::1 - URL: /api/asset/count - User-Agent: unknown
2025-09-04T12:59:51.978Z [INFO] All security headers present - IP: ::1 - URL: /api/notifications/unread-count - User-Agent: unknown
2025-09-04T12:59:54.752Z [INFO] All security headers present - IP: ::1 - URL: /api/plant/list?page=1&items=10 - User-Agent: unknown
2025-09-04T12:59:56.179Z [INFO] All security headers present - IP: ::1 - URL: /api/employee/list?page=1&items=10 - User-Agent: unknown
2025-09-04T12:59:59.500Z [INFO] All security headers present - IP: ::1 - URL: /api/employee/holidays?date=2025-09-04 - User-Agent: unknown
2025-09-04T12:59:59.506Z [INFO] All security headers present - IP: ::1 - URL: /api/employee/anniversaries?date=2025-09-04 - User-Agent: unknown
2025-09-04T12:59:59.513Z [INFO] All security headers present - IP: ::1 - URL: /api/employee/birthdays?date=2025-09-04 - User-Agent: unknown
2025-09-04T12:59:59.615Z [INFO] All security headers present - IP: ::1 - URL: /api/plant/count - User-Agent: unknown
2025-09-04T12:59:59.617Z [INFO] All security headers present - IP: ::1 - URL: /api/employee/count - User-Agent: unknown
2025-09-04T12:59:59.634Z [INFO] All security headers present - IP: ::1 - URL: /api/asset/count - User-Agent: unknown
2025-09-04T12:59:59.637Z [INFO] All security headers present - IP: ::1 - URL: /api/policy/get-policies - User-Agent: unknown
2025-09-04T12:59:59.655Z [INFO] All security headers present - IP: ::1 - URL: /api/notice/get-notices - User-Agent: unknown
2025-09-04T12:59:59.656Z [INFO] All security headers present - IP: ::1 - URL: /api/leave/employee-on-leave - User-Agent: unknown
2025-09-04T13:00:00.714Z [INFO] All security headers present - IP: ::1 - URL: /api/plant/search?q=&fields=name - User-Agent: unknown
2025-09-04T13:00:12.367Z [INFO] All security headers present - IP: ::1 - URL: /api/logout?timestamp=1756990812074 - User-Agent: unknown
2025-09-04T13:00:29.322Z [INFO] All security headers present - IP: ::1 - URL: /api/signup - User-Agent: unknown
2025-09-04T13:00:51.954Z [INFO] All security headers present - IP: ::1 - URL: /api/notifications/unread-count - User-Agent: unknown
2025-09-04T13:01:51.996Z [INFO] All security headers present - IP: ::1 - URL: /api/notifications/unread-count - User-Agent: unknown
2025-09-04T13:02:17.975Z [INFO] All security headers present - IP: ::1 - URL: /api/notifications/unread-count - User-Agent: unknown
2025-09-04T13:02:41.436Z [INFO] All security headers present - IP: ::1 - URL: /api/signup - User-Agent: unknown
2025-09-04T13:02:47.937Z [INFO] All security headers present - IP: ::1 - URL: /api/notifications/unread-count - User-Agent: unknown
2025-09-04T13:02:56.085Z [INFO] All security headers present - IP: ::1 - URL: /api/login?timestamp=1756990975370 - User-Agent: unknown
2025-09-04T13:03:03.394Z [INFO] All security headers present - IP: ::1 - URL: /api/login?timestamp=1756990983305 - User-Agent: unknown
2025-09-04T13:03:17.977Z [INFO] All security headers present - IP: ::1 - URL: /api/notifications/unread-count - User-Agent: unknown
2025-09-04T13:03:26.441Z [INFO] All security headers present - IP: ::1 - URL: /api/verify-email - User-Agent: unknown
2025-09-04T13:03:26.488Z [INFO] All security headers present - IP: ::1 - URL: /api/verify-email - User-Agent: unknown
2025-09-04T13:03:51.961Z [INFO] All security headers present - IP: ::1 - URL: /api/notifications/unread-count - User-Agent: unknown
2025-09-04T13:04:46.372Z [INFO] All security headers present - IP: ::1 - URL: /api/verify-email - User-Agent: unknown
2025-09-04T13:04:51.927Z [INFO] All security headers present - IP: ::1 - URL: /api/notifications/unread-count - User-Agent: unknown
2025-09-04T13:05:53.128Z [INFO] All security headers present - IP: ::1 - URL: /api/notifications/unread-count - User-Agent: unknown
2025-09-04T13:06:21.832Z [INFO] All security headers present - IP: ::ffff:127.0.0.1 - URL: /api/notifications/unread-count - User-Agent: unknown
2025-09-04T13:06:47.957Z [INFO] All security headers present - IP: ::1 - URL: /api/notifications/unread-count - User-Agent: unknown
2025-09-04T13:07:17.962Z [INFO] All security headers present - IP: ::1 - URL: /api/notifications/unread-count - User-Agent: unknown
2025-09-04T13:07:51.937Z [INFO] All security headers present - IP: ::1 - URL: /api/notifications/unread-count - User-Agent: unknown
2025-09-04T13:08:07.703Z [INFO] All security headers present - IP: ::1 - URL: /api/verify-email - User-Agent: unknown
2025-09-04T13:08:47.444Z [INFO] All security headers present - IP: ::1 - URL: /api/signup - User-Agent: unknown
2025-09-04T13:08:51.964Z [INFO] All security headers present - IP: ::1 - URL: /api/notifications/unread-count - User-Agent: unknown
2025-09-04T13:08:58.928Z [INFO] All security headers present - IP: ::1 - URL: /api/verify-email - User-Agent: unknown
2025-09-04T13:09:52.121Z [INFO] All security headers present - IP: ::1 - URL: /api/notifications/unread-count - User-Agent: unknown
2025-09-04T13:10:51.969Z [INFO] All security headers present - IP: ::1 - URL: /api/notifications/unread-count - User-Agent: unknown
2025-09-04T13:11:51.988Z [INFO] All security headers present - IP: ::1 - URL: /api/notifications/unread-count - User-Agent: unknown
2025-09-04T13:12:51.973Z [INFO] All security headers present - IP: ::1 - URL: /api/notifications/unread-count - User-Agent: unknown
2025-09-04T13:13:54.578Z [INFO] All security headers present - IP: ::1 - URL: /api/notifications/unread-count - User-Agent: unknown
2025-09-04T13:14:52.076Z [INFO] All security headers present - IP: ::1 - URL: /api/notifications/unread-count - User-Agent: unknown
2025-09-04T13:15:51.961Z [INFO] All security headers present - IP: ::1 - URL: /api/notifications/unread-count - User-Agent: unknown
2025-09-04T13:16:51.937Z [INFO] All security headers present - IP: ::1 - URL: /api/notifications/unread-count - User-Agent: unknown
2025-09-04T13:17:53.786Z [INFO] All security headers present - IP: ::1 - URL: /api/notifications/unread-count - User-Agent: unknown
2025-09-04T13:18:52.012Z [INFO] All security headers present - IP: ::1 - URL: /api/notifications/unread-count - User-Agent: unknown
2025-09-04T13:19:51.956Z [INFO] All security headers present - IP: ::1 - URL: /api/notifications/unread-count - User-Agent: unknown
2025-09-04T13:20:51.977Z [INFO] All security headers present - IP: ::1 - URL: /api/notifications/unread-count - User-Agent: unknown
2025-09-04T13:21:52.722Z [INFO] All security headers present - IP: ::1 - URL: /api/notifications/unread-count - User-Agent: unknown
2025-09-04T13:22:51.984Z [INFO] All security headers present - IP: ::1 - URL: /api/notifications/unread-count - User-Agent: unknown
2025-09-04T13:23:51.958Z [INFO] All security headers present - IP: ::1 - URL: /api/notifications/unread-count - User-Agent: unknown
2025-09-04T13:24:51.976Z [INFO] All security headers present - IP: ::1 - URL: /api/notifications/unread-count - User-Agent: unknown
2025-09-04T13:25:51.921Z [INFO] All security headers present - IP: ::1 - URL: /api/notifications/unread-count - User-Agent: unknown
2025-09-04T13:26:51.959Z [INFO] All security headers present - IP: ::1 - URL: /api/notifications/unread-count - User-Agent: unknown
2025-09-04T13:27:51.924Z [INFO] All security headers present - IP: ::1 - URL: /api/notifications/unread-count - User-Agent: unknown
2025-09-04T13:28:51.950Z [INFO] All security headers present - IP: ::1 - URL: /api/notifications/unread-count - User-Agent: unknown
2025-09-04T13:29:51.928Z [INFO] All security headers present - IP: ::1 - URL: /api/notifications/unread-count - User-Agent: unknown
2025-09-04T13:30:51.918Z [INFO] All security headers present - IP: ::1 - URL: /api/notifications/unread-count - User-Agent: unknown
2025-09-04T13:31:51.917Z [INFO] All security headers present - IP: ::1 - URL: /api/notifications/unread-count - User-Agent: unknown
2025-09-04T13:32:51.940Z [INFO] All security headers present - IP: ::1 - URL: /api/notifications/unread-count - User-Agent: unknown
2025-09-04T13:33:53.199Z [INFO] All security headers present - IP: ::1 - URL: /api/notifications/unread-count - User-Agent: unknown
2025-09-04T13:34:51.975Z [INFO] All security headers present - IP: ::1 - URL: /api/notifications/unread-count - User-Agent: unknown
2025-09-04T13:35:51.910Z [INFO] All security headers present - IP: ::1 - URL: /api/notifications/unread-count - User-Agent: unknown
2025-09-04T13:36:51.963Z [INFO] All security headers present - IP: ::1 - URL: /api/notifications/unread-count - User-Agent: unknown
2025-09-04T13:37:51.927Z [INFO] All security headers present - IP: ::1 - URL: /api/notifications/unread-count - User-Agent: unknown
2025-09-04T13:38:51.927Z [INFO] All security headers present - IP: ::1 - URL: /api/notifications/unread-count - User-Agent: unknown
2025-09-04T13:39:51.924Z [INFO] All security headers present - IP: ::1 - URL: /api/notifications/unread-count - User-Agent: unknown
2025-09-04T13:40:51.914Z [INFO] All security headers present - IP: ::1 - URL: /api/notifications/unread-count - User-Agent: unknown
2025-09-04T13:41:51.959Z [INFO] All security headers present - IP: ::1 - URL: /api/notifications/unread-count - User-Agent: unknown
2025-09-04T13:42:51.957Z [INFO] All security headers present - IP: ::1 - URL: /api/notifications/unread-count - User-Agent: unknown
2025-09-04T13:43:51.928Z [INFO] All security headers present - IP: ::1 - URL: /api/notifications/unread-count - User-Agent: unknown
2025-09-04T13:44:53.816Z [INFO] All security headers present - IP: ::1 - URL: /api/notifications/unread-count - User-Agent: unknown
2025-09-04T13:45:52.023Z [INFO] All security headers present - IP: ::1 - URL: /api/notifications/unread-count - User-Agent: unknown
2025-09-04T13:46:51.991Z [INFO] All security headers present - IP: ::1 - URL: /api/notifications/unread-count - User-Agent: unknown
2025-09-04T13:47:51.977Z [INFO] All security headers present - IP: ::1 - URL: /api/notifications/unread-count - User-Agent: unknown
2025-09-04T13:48:51.923Z [INFO] All security headers present - IP: ::1 - URL: /api/notifications/unread-count - User-Agent: unknown
2025-09-04T13:49:52.751Z [INFO] All security headers present - IP: ::1 - URL: /api/notifications/unread-count - User-Agent: unknown
2025-09-04T13:50:52.027Z [INFO] All security headers present - IP: ::1 - URL: /api/notifications/unread-count - User-Agent: unknown
2025-09-04T13:51:51.991Z [INFO] All security headers present - IP: ::1 - URL: /api/notifications/unread-count - User-Agent: unknown
2025-09-04T13:52:52.010Z [INFO] All security headers present - IP: ::1 - URL: /api/notifications/unread-count - User-Agent: unknown
2025-09-04T13:53:51.985Z [INFO] All security headers present - IP: ::1 - URL: /api/notifications/unread-count - User-Agent: unknown
2025-09-04T13:54:51.990Z [INFO] All security headers present - IP: ::1 - URL: /api/notifications/unread-count - User-Agent: unknown
2025-09-04T13:55:51.975Z [INFO] All security headers present - IP: ::1 - URL: /api/notifications/unread-count - User-Agent: unknown
2025-09-04T13:56:51.942Z [INFO] All security headers present - IP: ::1 - URL: /api/notifications/unread-count - User-Agent: unknown
2025-09-04T13:57:51.967Z [INFO] All security headers present - IP: ::1 - URL: /api/notifications/unread-count - User-Agent: unknown
2025-09-04T13:58:51.911Z [INFO] All security headers present - IP: ::1 - URL: /api/notifications/unread-count - User-Agent: unknown
2025-09-04T13:59:51.956Z [INFO] All security headers present - IP: ::1 - URL: /api/notifications/unread-count - User-Agent: unknown
2025-09-04T14:00:51.931Z [INFO] All security headers present - IP: ::1 - URL: /api/notifications/unread-count - User-Agent: unknown
2025-09-04T14:01:51.932Z [INFO] All security headers present - IP: ::1 - URL: /api/notifications/unread-count - User-Agent: unknown
2025-09-04T14:02:51.965Z [INFO] All security headers present - IP: ::1 - URL: /api/notifications/unread-count - User-Agent: unknown
2025-09-04T14:03:51.922Z [INFO] All security headers present - IP: ::1 - URL: /api/notifications/unread-count - User-Agent: unknown
2025-09-04T14:04:51.908Z [INFO] All security headers present - IP: ::1 - URL: /api/notifications/unread-count - User-Agent: unknown
2025-09-04T14:05:52.053Z [INFO] All security headers present - IP: ::1 - URL: /api/notifications/unread-count - User-Agent: unknown
2025-09-04T14:06:51.908Z [INFO] All security headers present - IP: ::1 - URL: /api/notifications/unread-count - User-Agent: unknown
2025-09-04T14:07:51.961Z [INFO] All security headers present - IP: ::1 - URL: /api/notifications/unread-count - User-Agent: unknown
2025-09-04T14:08:51.943Z [INFO] All security headers present - IP: ::1 - URL: /api/notifications/unread-count - User-Agent: unknown
2025-09-04T14:09:51.949Z [INFO] All security headers present - IP: ::1 - URL: /api/notifications/unread-count - User-Agent: unknown
2025-09-04T14:10:51.922Z [INFO] All security headers present - IP: ::1 - URL: /api/notifications/unread-count - User-Agent: unknown
2025-09-04T14:11:51.950Z [INFO] All security headers present - IP: ::1 - URL: /api/notifications/unread-count - User-Agent: unknown
2025-09-04T14:12:51.933Z [INFO] All security headers present - IP: ::1 - URL: /api/notifications/unread-count - User-Agent: unknown
2025-09-04T14:13:53.567Z [INFO] All security headers present - IP: ::1 - URL: /api/notifications/unread-count - User-Agent: unknown
2025-09-04T14:14:52.021Z [INFO] All security headers present - IP: ::1 - URL: /api/notifications/unread-count - User-Agent: unknown
2025-09-04T14:15:51.995Z [INFO] All security headers present - IP: ::1 - URL: /api/notifications/unread-count - User-Agent: unknown
2025-09-04T14:16:51.936Z [INFO] All security headers present - IP: ::1 - URL: /api/notifications/unread-count - User-Agent: unknown
2025-09-04T14:17:51.949Z [INFO] All security headers present - IP: ::1 - URL: /api/notifications/unread-count - User-Agent: unknown
2025-09-04T14:18:51.913Z [INFO] All security headers present - IP: ::1 - URL: /api/notifications/unread-count - User-Agent: unknown
2025-09-04T14:19:51.929Z [INFO] All security headers present - IP: ::1 - URL: /api/notifications/unread-count - User-Agent: unknown
2025-09-04T14:20:51.908Z [INFO] All security headers present - IP: ::1 - URL: /api/notifications/unread-count - User-Agent: unknown
2025-09-04T14:21:51.950Z [INFO] All security headers present - IP: ::1 - URL: /api/notifications/unread-count - User-Agent: unknown
2025-09-04T14:22:51.910Z [INFO] All security headers present - IP: ::1 - URL: /api/notifications/unread-count - User-Agent: unknown
2025-09-04T14:23:51.979Z [INFO] All security headers present - IP: ::1 - URL: /api/notifications/unread-count - User-Agent: unknown
2025-09-04T14:24:52.060Z [INFO] All security headers present - IP: ::1 - URL: /api/notifications/unread-count - User-Agent: unknown
2025-09-04T14:25:51.919Z [INFO] All security headers present - IP: ::1 - URL: /api/notifications/unread-count - User-Agent: unknown
2025-09-04T14:26:51.910Z [INFO] All security headers present - IP: ::1 - URL: /api/notifications/unread-count - User-Agent: unknown
2025-09-04T14:27:51.947Z [INFO] All security headers present - IP: ::1 - URL: /api/notifications/unread-count - User-Agent: unknown
2025-09-04T14:28:51.907Z [INFO] All security headers present - IP: ::1 - URL: /api/notifications/unread-count - User-Agent: unknown
2025-09-04T14:29:51.894Z [INFO] All security headers present - IP: ::1 - URL: /api/notifications/unread-count - User-Agent: unknown
2025-09-04T14:30:51.935Z [INFO] All security headers present - IP: ::1 - URL: /api/notifications/unread-count - User-Agent: unknown
2025-09-04T14:31:51.942Z [INFO] All security headers present - IP: ::1 - URL: /api/notifications/unread-count - User-Agent: unknown
2025-09-04T14:32:51.933Z [INFO] All security headers present - IP: ::1 - URL: /api/notifications/unread-count - User-Agent: unknown
2025-09-04T14:33:51.894Z [INFO] All security headers present - IP: ::1 - URL: /api/notifications/unread-count - User-Agent: unknown
2025-09-04T14:34:51.927Z [INFO] All security headers present - IP: ::1 - URL: /api/notifications/unread-count - User-Agent: unknown
2025-09-04T14:35:51.901Z [INFO] All security headers present - IP: ::1 - URL: /api/notifications/unread-count - User-Agent: unknown
2025-09-04T14:36:51.938Z [INFO] All security headers present - IP: ::1 - URL: /api/notifications/unread-count - User-Agent: unknown
2025-09-04T14:37:52.703Z [INFO] All security headers present - IP: ::1 - URL: /api/notifications/unread-count - User-Agent: unknown
2025-09-04T14:38:51.982Z [INFO] All security headers present - IP: ::1 - URL: /api/notifications/unread-count - User-Agent: unknown
2025-09-04T14:39:52.913Z [INFO] All security headers present - IP: ::1 - URL: /api/notifications/unread-count - User-Agent: unknown
2025-09-04T14:40:51.934Z [INFO] All security headers present - IP: ::1 - URL: /api/notifications/unread-count - User-Agent: unknown
2025-09-04T14:41:51.942Z [INFO] All security headers present - IP: ::1 - URL: /api/notifications/unread-count - User-Agent: unknown
2025-09-04T14:42:51.949Z [INFO] All security headers present - IP: ::1 - URL: /api/notifications/unread-count - User-Agent: unknown
2025-09-04T14:43:51.917Z [INFO] All security headers present - IP: ::1 - URL: /api/notifications/unread-count - User-Agent: unknown
2025-09-04T14:44:51.955Z [INFO] All security headers present - IP: ::1 - URL: /api/notifications/unread-count - User-Agent: unknown
2025-09-04T14:45:51.931Z [INFO] All security headers present - IP: ::1 - URL: /api/notifications/unread-count - User-Agent: unknown
2025-09-04T14:46:51.913Z [INFO] All security headers present - IP: ::1 - URL: /api/notifications/unread-count - User-Agent: unknown
2025-09-04T14:47:51.906Z [INFO] All security headers present - IP: ::1 - URL: /api/notifications/unread-count - User-Agent: unknown
2025-09-04T14:48:51.911Z [INFO] All security headers present - IP: ::1 - URL: /api/notifications/unread-count - User-Agent: unknown
2025-09-04T14:49:51.922Z [INFO] All security headers present - IP: ::1 - URL: /api/notifications/unread-count - User-Agent: unknown
2025-09-04T14:50:51.939Z [INFO] All security headers present - IP: ::1 - URL: /api/notifications/unread-count - User-Agent: unknown
2025-09-04T14:51:51.909Z [INFO] All security headers present - IP: ::1 - URL: /api/notifications/unread-count - User-Agent: unknown
2025-09-04T14:52:51.942Z [INFO] All security headers present - IP: ::1 - URL: /api/notifications/unread-count - User-Agent: unknown
2025-09-04T14:53:51.932Z [INFO] All security headers present - IP: ::1 - URL: /api/notifications/unread-count - User-Agent: unknown
2025-09-04T14:54:51.922Z [INFO] All security headers present - IP: ::1 - URL: /api/notifications/unread-count - User-Agent: unknown
2025-09-04T14:55:51.916Z [INFO] All security headers present - IP: ::1 - URL: /api/notifications/unread-count - User-Agent: unknown
2025-09-04T14:56:51.898Z [INFO] All security headers present - IP: ::1 - URL: /api/notifications/unread-count - User-Agent: unknown
2025-09-04T14:57:51.952Z [INFO] All security headers present - IP: ::1 - URL: /api/notifications/unread-count - User-Agent: unknown
2025-09-04T14:58:51.923Z [INFO] All security headers present - IP: ::1 - URL: /api/notifications/unread-count - User-Agent: unknown
2025-09-04T14:59:51.928Z [INFO] All security headers present - IP: ::1 - URL: /api/notifications/unread-count - User-Agent: unknown
2025-09-04T15:00:51.953Z [INFO] All security headers present - IP: ::1 - URL: /api/notifications/unread-count - User-Agent: unknown
2025-09-04T15:01:51.934Z [INFO] All security headers present - IP: ::1 - URL: /api/notifications/unread-count - User-Agent: unknown
2025-09-04T15:02:52.002Z [INFO] All security headers present - IP: ::1 - URL: /api/notifications/unread-count - User-Agent: unknown
2025-09-04T15:03:52.191Z [INFO] All security headers present - IP: ::1 - URL: /api/notifications/unread-count - User-Agent: unknown
2025-09-04T15:04:51.921Z [INFO] All security headers present - IP: ::1 - URL: /api/notifications/unread-count - User-Agent: unknown
2025-09-04T15:05:51.929Z [INFO] All security headers present - IP: ::1 - URL: /api/notifications/unread-count - User-Agent: unknown
2025-09-04T15:06:51.912Z [INFO] All security headers present - IP: ::1 - URL: /api/notifications/unread-count - User-Agent: unknown
2025-09-04T15:07:54.134Z [INFO] All security headers present - IP: ::1 - URL: /api/notifications/unread-count - User-Agent: unknown
2025-09-04T15:08:51.900Z [INFO] All security headers present - IP: ::1 - URL: /api/notifications/unread-count - User-Agent: unknown
2025-09-04T15:09:51.914Z [INFO] All security headers present - IP: ::1 - URL: /api/notifications/unread-count - User-Agent: unknown
2025-09-04T15:10:51.946Z [INFO] All security headers present - IP: ::1 - URL: /api/notifications/unread-count - User-Agent: unknown
2025-09-04T15:11:51.979Z [INFO] All security headers present - IP: ::1 - URL: /api/notifications/unread-count - User-Agent: unknown
2025-09-04T15:12:55.085Z [INFO] All security headers present - IP: ::1 - URL: /api/notifications/unread-count - User-Agent: unknown
2025-09-04T15:13:52.142Z [INFO] All security headers present - IP: ::1 - URL: /api/notifications/unread-count - User-Agent: unknown
2025-09-04T15:14:52.072Z [INFO] All security headers present - IP: ::1 - URL: /api/notifications/unread-count - User-Agent: unknown
2025-09-04T15:15:52.017Z [INFO] All security headers present - IP: ::1 - URL: /api/notifications/unread-count - User-Agent: unknown
2025-09-04T15:16:51.993Z [INFO] All security headers present - IP: ::1 - URL: /api/notifications/unread-count - User-Agent: unknown
2025-09-04T15:17:51.954Z [INFO] All security headers present - IP: ::1 - URL: /api/notifications/unread-count - User-Agent: unknown
2025-09-04T15:18:51.960Z [INFO] All security headers present - IP: ::1 - URL: /api/notifications/unread-count - User-Agent: unknown
2025-09-04T15:19:51.936Z [INFO] All security headers present - IP: ::1 - URL: /api/notifications/unread-count - User-Agent: unknown
2025-09-04T15:20:51.959Z [INFO] All security headers present - IP: ::1 - URL: /api/notifications/unread-count - User-Agent: unknown
2025-09-04T15:21:55.295Z [INFO] All security headers present - IP: ::1 - URL: /api/notifications/unread-count - User-Agent: unknown
2025-09-04T15:22:51.994Z [INFO] All security headers present - IP: ::1 - URL: /api/notifications/unread-count - User-Agent: unknown
2025-09-04T15:23:52.016Z [INFO] All security headers present - IP: ::1 - URL: /api/notifications/unread-count - User-Agent: unknown
2025-09-04T15:24:51.919Z [INFO] All security headers present - IP: ::1 - URL: /api/notifications/unread-count - User-Agent: unknown
2025-09-04T15:25:51.989Z [INFO] All security headers present - IP: ::1 - URL: /api/notifications/unread-count - User-Agent: unknown
2025-09-04T15:26:51.932Z [INFO] All security headers present - IP: ::1 - URL: /api/notifications/unread-count - User-Agent: unknown
2025-09-04T15:27:51.998Z [INFO] All security headers present - IP: ::1 - URL: /api/notifications/unread-count - User-Agent: unknown
2025-09-04T15:28:51.937Z [INFO] All security headers present - IP: ::1 - URL: /api/notifications/unread-count - User-Agent: unknown
2025-09-04T15:29:51.961Z [INFO] All security headers present - IP: ::1 - URL: /api/notifications/unread-count - User-Agent: unknown
2025-09-04T15:30:51.963Z [INFO] All security headers present - IP: ::1 - URL: /api/notifications/unread-count - User-Agent: unknown
2025-09-04T15:31:51.969Z [INFO] All security headers present - IP: ::1 - URL: /api/notifications/unread-count - User-Agent: unknown
2025-09-04T15:32:51.953Z [INFO] All security headers present - IP: ::1 - URL: /api/notifications/unread-count - User-Agent: unknown
2025-09-04T15:33:51.933Z [INFO] All security headers present - IP: ::1 - URL: /api/notifications/unread-count - User-Agent: unknown
2025-09-04T15:34:51.918Z [INFO] All security headers present - IP: ::1 - URL: /api/notifications/unread-count - User-Agent: unknown
2025-09-04T15:35:51.920Z [INFO] All security headers present - IP: ::1 - URL: /api/notifications/unread-count - User-Agent: unknown
2025-09-04T15:36:55.519Z [INFO] All security headers present - IP: ::1 - URL: /api/notifications/unread-count - User-Agent: unknown
2025-09-04T15:37:51.983Z [INFO] All security headers present - IP: ::1 - URL: /api/notifications/unread-count - User-Agent: unknown
2025-09-04T15:38:51.974Z [INFO] All security headers present - IP: ::1 - URL: /api/notifications/unread-count - User-Agent: unknown
2025-09-04T15:39:51.988Z [INFO] All security headers present - IP: ::1 - URL: /api/notifications/unread-count - User-Agent: unknown
2025-09-04T15:40:51.939Z [INFO] All security headers present - IP: ::1 - URL: /api/notifications/unread-count - User-Agent: unknown
2025-09-04T15:41:51.931Z [INFO] All security headers present - IP: ::1 - URL: /api/notifications/unread-count - User-Agent: unknown
2025-09-04T15:42:51.991Z [INFO] All security headers present - IP: ::1 - URL: /api/notifications/unread-count - User-Agent: unknown
2025-09-04T15:43:51.913Z [INFO] All security headers present - IP: ::1 - URL: /api/notifications/unread-count - User-Agent: unknown
2025-09-04T15:44:51.944Z [INFO] All security headers present - IP: ::1 - URL: /api/notifications/unread-count - User-Agent: unknown
2025-09-04T15:45:51.958Z [INFO] All security headers present - IP: ::1 - URL: /api/notifications/unread-count - User-Agent: unknown
2025-09-04T15:46:51.949Z [INFO] All security headers present - IP: ::1 - URL: /api/notifications/unread-count - User-Agent: unknown
2025-09-04T15:47:51.934Z [INFO] All security headers present - IP: ::1 - URL: /api/notifications/unread-count - User-Agent: unknown
2025-09-04T15:48:51.971Z [INFO] All security headers present - IP: ::1 - URL: /api/notifications/unread-count - User-Agent: unknown
2025-09-04T15:49:51.925Z [INFO] All security headers present - IP: ::1 - URL: /api/notifications/unread-count - User-Agent: unknown
2025-09-04T15:50:51.938Z [INFO] All security headers present - IP: ::1 - URL: /api/notifications/unread-count - User-Agent: unknown
2025-09-04T15:51:51.938Z [INFO] All security headers present - IP: ::1 - URL: /api/notifications/unread-count - User-Agent: unknown
2025-09-04T15:52:53.587Z [INFO] All security headers present - IP: ::1 - URL: /api/notifications/unread-count - User-Agent: unknown
2025-09-04T15:53:46.735Z [INFO] All security headers present - IP: ::1 - URL: /api/verify-email - User-Agent: unknown
2025-09-04T15:53:51.981Z [INFO] All security headers present - IP: ::1 - URL: /api/notifications/unread-count - User-Agent: unknown
2025-09-04T15:54:40.906Z [INFO] All security headers present - IP: ::1 - URL: /api/signup - User-Agent: unknown
2025-09-04T15:54:49.847Z [INFO] All security headers present - IP: ::1 - URL: /api/verify-email - User-Agent: unknown
2025-09-04T15:54:49.848Z [INFO] All security headers present - IP: ::1 - URL: /api/verify-email - User-Agent: unknown
2025-09-04T15:54:52.014Z [INFO] All security headers present - IP: ::1 - URL: /api/notifications/unread-count - User-Agent: unknown
2025-09-04T15:55:45.360Z [INFO] All security headers present - IP: ::1 - URL: /api/verify-email - User-Agent: unknown
2025-09-04T15:55:51.931Z [INFO] All security headers present - IP: ::1 - URL: /api/notifications/unread-count - User-Agent: unknown
2025-09-04T15:56:52.571Z [INFO] All security headers present - IP: ::1 - URL: /api/notifications/unread-count - User-Agent: unknown
2025-09-04T15:57:17.052Z [INFO] All security headers present - IP: ::1 - URL: /api/signup - User-Agent: unknown
2025-09-04T15:57:29.216Z [INFO] All security headers present - IP: ::1 - URL: /api/verify-email - User-Agent: unknown
2025-09-04T15:57:29.217Z [INFO] All security headers present - IP: ::1 - URL: /api/verify-email - User-Agent: unknown
2025-09-04T15:57:51.962Z [INFO] All security headers present - IP: ::1 - URL: /api/notifications/unread-count - User-Agent: unknown
2025-09-04T15:58:51.936Z [INFO] All security headers present - IP: ::1 - URL: /api/notifications/unread-count - User-Agent: unknown
2025-09-04T15:59:51.912Z [INFO] All security headers present - IP: ::1 - URL: /api/notifications/unread-count - User-Agent: unknown
2025-09-04T16:00:51.987Z [INFO] All security headers present - IP: ::1 - URL: /api/notifications/unread-count - User-Agent: unknown
2025-09-04T16:00:54.056Z [INFO] All security headers present - IP: ::1 - URL: /api/signup - User-Agent: unknown
2025-09-04T16:01:00.538Z [INFO] All security headers present - IP: ::1 - URL: /api/employee/list?page=1&items=10 - User-Agent: unknown
2025-09-04T16:01:04.162Z [INFO] All security headers present - IP: ::1 - URL: /api/plant/search?q=&fields=name - User-Agent: unknown
2025-09-04T16:01:04.608Z [INFO] All security headers present - IP: ::1 - URL: /api/expenses/get-expense-categories?plantId=6890cfb27501e5bad661d69e - User-Agent: unknown
2025-09-04T16:01:04.637Z [INFO] All security headers present - IP: ::1 - URL: /api/expenses/all-expenses/6890cfb27501e5bad661d69e?page=1&items=10&q=&fields=employeeId.name,employeeId.employeeCode,category,subCategory - User-Agent: unknown
2025-09-04T16:01:07.440Z [INFO] All security headers present - IP: ::1 - URL: /api/plant/search?q=&fields=name - User-Agent: unknown
2025-09-04T16:01:07.748Z [INFO] All security headers present - IP: ::1 - URL: /api/task-manager/workspace/list?filter=plantId&equal=6890cfb27501e5bad661d69e&page=1&items=10 - User-Agent: unknown
2025-09-04T16:01:08.008Z [INFO] All security headers present - IP: ::1 - URL: /api/task-manager/project/read/6890cfb27501e5bad661d69e - User-Agent: unknown
2025-09-04T16:01:11.652Z [INFO] All security headers present - IP: ::1 - URL: /api/plant/search?q=&fields=name - User-Agent: unknown
2025-09-04T16:01:14.734Z [INFO] All security headers present - IP: ::1 - URL: /api/plant/search?q=&fields=name - User-Agent: unknown
2025-09-04T16:01:15.045Z [INFO] All security headers present - IP: ::1 - URL: /api/task-manager/workspace/list?filter=plantId&equal=6890cfb27501e5bad661d69e&page=1&items=10 - User-Agent: unknown
2025-09-04T16:01:15.308Z [INFO] All security headers present - IP: ::1 - URL: /api/task-manager/project/read/6890cfb27501e5bad661d69e - User-Agent: unknown
2025-09-04T16:01:17.423Z [INFO] All security headers present - IP: ::1 - URL: /api/notifications/unread-count - User-Agent: unknown
2025-09-04T16:01:20.450Z [INFO] All security headers present - IP: ::1 - URL: /api/verify-email - User-Agent: unknown
2025-09-04T16:01:35.302Z [INFO] All security headers present - IP: ::ffff:127.0.0.1 - URL: /api/login?timestamp=1757001694639 - User-Agent: unknown
2025-09-04T16:01:35.727Z [INFO] All security headers present - IP: ::1 - URL: /api/employee/holidays?date=2025-09-04 - User-Agent: unknown
2025-09-04T16:01:35.762Z [INFO] All security headers present - IP: ::1 - URL: /api/employee/birthdays?date=2025-09-04 - User-Agent: unknown
2025-09-04T16:01:35.810Z [INFO] All security headers present - IP: ::ffff:127.0.0.1 - URL: /api/task-manager/workspace/list?items=3&sortBy=createdAt&sortValue=-1 - User-Agent: unknown
2025-09-04T16:01:35.816Z [INFO] All security headers present - IP: ::1 - URL: /api/notifications/unread-count - User-Agent: unknown
2025-09-04T16:01:35.892Z [INFO] All security headers present - IP: ::1 - URL: /api/employee/anniversaries?date=2025-09-04 - User-Agent: unknown
2025-09-04T16:01:35.925Z [INFO] All security headers present - IP: ::1 - URL: /api/notice/get-notices - User-Agent: unknown
2025-09-04T16:01:35.945Z [INFO] All security headers present - IP: ::1 - URL: /api/plant/count - User-Agent: unknown
2025-09-04T16:01:35.950Z [INFO] All security headers present - IP: ::ffff:127.0.0.1 - URL: /api/employee/count - User-Agent: unknown
2025-09-04T16:01:36.022Z [INFO] All security headers present - IP: ::1 - URL: /api/asset/count - User-Agent: unknown
2025-09-04T16:01:36.033Z [INFO] All security headers present - IP: ::1 - URL: /api/leave/employee-on-leave - User-Agent: unknown
2025-09-04T16:01:36.154Z [INFO] All security headers present - IP: ::1 - URL: /api/policy/get-policies - User-Agent: unknown
2025-09-04T16:01:47.507Z [INFO] All security headers present - IP: ::1 - URL: /api/notifications/unread-count - User-Agent: unknown
